[risc0-groth16-stage] run_id=cmp-rocm-witness-2 mode=fifo stage=entrypoint event=start t_ns=729476286868287
[risc0-groth16-stage] run_id=cmp-rocm-witness-2 mode=fifo stage=fifo event=create t_ns=729476288542260
[risc0-groth16-stage] run_id=cmp-rocm-witness-2 mode=fifo stage=witness event=start t_ns=729476289269705
[risc0-groth16-stage] run_id=cmp-rocm-witness-2 mode=fifo stage=prover event=start t_ns=729476290147551
[90m11:29:57[0m DBG constraint system loaded [36mtook=[0m327.418793
[90m11:29:58[0m DBG proving key loaded [36mtook=[0m577.030623
[90m11:29:59[0m DBG WTNS header [36mnInputs=[0m5635930 [36mnWitnesses=[0m5635930
[risc0-groth16-stage] run_id=cmp-rocm-witness-2 mode=fifo stage=witness event=finish t_ns=729477953720309 rc=0
[90m11:29:59[0m DBG witness data loaded [36mtook=[0m900.313945
[90m11:29:59[0m [32mINF[0m [1m[risc0-groth16-rocm] ACTIVE[0m [36macceleration=[0mrocm [36mbackend=[0mgroth16 [36mcompute_units=[0m32 [36mcurve=[0mbn254 [36mdevice=[0m"AMD Radeon Graphics" [36mnbConstraints=[0m5676573
[90m11:29:59[0m DBG constraint system solver done [36mnbConstraints=[0m5676573 [36mtook=[0m160.820195
[zkp-hip] msm_g1 n=5635924 work_units=16384 window=10 kernel=2
[zkp-hip] msm_g1 n=5209981 work_units=16384 window=10 kernel=2
[zkp-hip] msm_g1 n=5278569 work_units=16384 window=10 kernel=2
[zkp-hip] msm_g1 n=8388608 work_units=16384 window=10 kernel=2
[90m11:30:03[0m DBG prover done [36macceleration=[0mrocm [36mbackend=[0mgroth16 [36mcurve=[0mbn254 [36mnbConstraints=[0m5676573 [36mtook=[0m3761.540253
[zkp-hip] stage_ms msm_g1=1731.538 msm_g2=820.549 ntt=480.545 calls=4/1/6 kernel=binned
[risc0-groth16-stage] run_id=cmp-rocm-witness-2 mode=fifo stage=prover event=finish t_ns=729482287075976 rc=0
[risc0-groth16-stage] run_id=cmp-rocm-witness-2 mode=fifo stage=wait event=finish t_ns=729482288208144 witness_rc=0 prover_rc=0
[risc0-groth16-stage] run_id=cmp-rocm-witness-2 mode=fifo stage=artifact event=record t_ns=729482291911591 kind=proof bytes=725 sha256=61704ac9155e641eb97f77f25cf50b5e4c5f368ea84c85a8a4fcf775ad7fd570
[risc0-groth16-stage] run_id=cmp-rocm-witness-2 mode=fifo stage=entrypoint event=finish t_ns=729482292598136 rc=0
[risc0-groth16-stage] run_id=cmp-rocm-witness-2 mode=fifo stage=total event=finish t_ns=729482293413052 rc=0
