------------------------------------------------------------------
[solo-guard] iGPU busy : 0%  (max 25%)
[solo-guard] loadavg(1m): 6.75   (max 8.00, nproc=32)
[solo-guard] lockfile  : /tmp/zkp-gpu.lock
[solo-guard] STATUS    : SOLO (safe to record)
------------------------------------------------------------------
------------------------------------------------------------------
[solo-guard] iGPU busy : 0%  (max 25%)
[solo-guard] loadavg(1m): 4.09   (max 8.00, nproc=32)
[solo-guard] lockfile  : /tmp/zkp-gpu.lock
[solo-guard] STATUS    : SOLO (safe to record)
------------------------------------------------------------------
✅ Receipt is valid!
------------------------------------------------------------------
[solo-guard] iGPU busy : 0%  (max 25%)
[solo-guard] loadavg(1m): 14.97   (max 8.00, nproc=32)
[solo-guard] lockfile  : /tmp/zkp-gpu.lock
[solo-guard] STATUS    : CONTENDED — loadavg 14.97 > 8.00
------------------------------------------------------------------
------------------------------------------------------------------
[solo-guard] iGPU busy : 0%  (max 25%)
[solo-guard] loadavg(1m): 10.78   (max 8.00, nproc=32)
[solo-guard] lockfile  : /tmp/zkp-gpu.lock
[solo-guard] STATUS    : CONTENDED — loadavg 10.78 > 8.00
------------------------------------------------------------------
------------------------------------------------------------------
[solo-guard] iGPU busy : 0%  (max 25%)
[solo-guard] loadavg(1m): 7.72   (max 8.00, nproc=32)
[solo-guard] lockfile  : /tmp/zkp-gpu.lock
[solo-guard] STATUS    : SOLO (safe to record)
------------------------------------------------------------------
✅ Receipt is valid!
------------------------------------------------------------------
[solo-guard] iGPU busy : 0%  (max 25%)
[solo-guard] loadavg(1m): 13.26   (max 8.00, nproc=32)
[solo-guard] lockfile  : /tmp/zkp-gpu.lock
[solo-guard] STATUS    : CONTENDED — loadavg 13.26 > 8.00
------------------------------------------------------------------
------------------------------------------------------------------
[solo-guard] iGPU busy : 0%  (max 25%)
[solo-guard] loadavg(1m): 9.71   (max 8.00, nproc=32)
[solo-guard] lockfile  : /tmp/zkp-gpu.lock
[solo-guard] STATUS    : CONTENDED — loadavg 9.71 > 8.00
------------------------------------------------------------------
------------------------------------------------------------------
[solo-guard] iGPU busy : 0%  (max 25%)
[solo-guard] loadavg(1m): 6.96   (max 8.00, nproc=32)
[solo-guard] lockfile  : /tmp/zkp-gpu.lock
[solo-guard] STATUS    : SOLO (safe to record)
------------------------------------------------------------------
✅ Receipt is valid!
------------------------------------------------------------------
[solo-guard] iGPU busy : 0%  (max 25%)
[solo-guard] loadavg(1m): 12.73   (max 8.00, nproc=32)
[solo-guard] lockfile  : /tmp/zkp-gpu.lock
[solo-guard] STATUS    : CONTENDED — loadavg 12.73 > 8.00
------------------------------------------------------------------
------------------------------------------------------------------
[solo-guard] iGPU busy : 0%  (max 25%)
[solo-guard] loadavg(1m): 9.12   (max 8.00, nproc=32)
[solo-guard] lockfile  : /tmp/zkp-gpu.lock
[solo-guard] STATUS    : CONTENDED — loadavg 9.12 > 8.00
------------------------------------------------------------------
------------------------------------------------------------------
[solo-guard] iGPU busy : 0%  (max 25%)
[solo-guard] loadavg(1m): 6.60   (max 8.00, nproc=32)
[solo-guard] lockfile  : /tmp/zkp-gpu.lock
[solo-guard] STATUS    : SOLO (safe to record)
------------------------------------------------------------------
✅ Receipt is valid!
------------------------------------------------------------------
[solo-guard] iGPU busy : 0%  (max 25%)
[solo-guard] loadavg(1m): 13.69   (max 8.00, nproc=32)
[solo-guard] lockfile  : /tmp/zkp-gpu.lock
[solo-guard] STATUS    : CONTENDED — loadavg 13.69 > 8.00
------------------------------------------------------------------
------------------------------------------------------------------
[solo-guard] iGPU busy : 0%  (max 25%)
[solo-guard] loadavg(1m): 9.81   (max 8.00, nproc=32)
[solo-guard] lockfile  : /tmp/zkp-gpu.lock
[solo-guard] STATUS    : CONTENDED — loadavg 9.81 > 8.00
------------------------------------------------------------------
------------------------------------------------------------------
[solo-guard] iGPU busy : 0%  (max 25%)
[solo-guard] loadavg(1m): 7.10   (max 8.00, nproc=32)
[solo-guard] lockfile  : /tmp/zkp-gpu.lock
[solo-guard] STATUS    : SOLO (safe to record)
------------------------------------------------------------------
✅ Receipt is valid!
------------------------------------------------------------------
[solo-guard] iGPU busy : 0%  (max 25%)
[solo-guard] loadavg(1m): 14.54   (max 8.00, nproc=32)
[solo-guard] lockfile  : /tmp/zkp-gpu.lock
[solo-guard] STATUS    : CONTENDED — loadavg 14.54 > 8.00
------------------------------------------------------------------
------------------------------------------------------------------
[solo-guard] iGPU busy : 0%  (max 25%)
[solo-guard] loadavg(1m): 10.41   (max 8.00, nproc=32)
[solo-guard] lockfile  : /tmp/zkp-gpu.lock
[solo-guard] STATUS    : CONTENDED — loadavg 10.41 > 8.00
------------------------------------------------------------------
------------------------------------------------------------------
[solo-guard] iGPU busy : 0%  (max 25%)
[solo-guard] loadavg(1m): 7.46   (max 8.00, nproc=32)
[solo-guard] lockfile  : /tmp/zkp-gpu.lock
[solo-guard] STATUS    : SOLO (safe to record)
------------------------------------------------------------------
✅ Receipt is valid!
summary written: <repo-groth16-seam>/poc/risc0-rocm-prover/artefacts/groth16-seam-evidence-20260724T060845Z/benchmark/groth16-benchmark-summary.json
benchmark complete: <repo-groth16-seam>/poc/risc0-rocm-prover/artefacts/groth16-seam-evidence-20260724T060845Z/benchmark/groth16-benchmark.csv
