[risc0-groth16-stage] run_id=cmp-rocm-witness-1 mode=fifo stage=entrypoint event=start t_ns=729399630806244
[risc0-groth16-stage] run_id=cmp-rocm-witness-1 mode=fifo stage=fifo event=create t_ns=729399632447346
[risc0-groth16-stage] run_id=cmp-rocm-witness-1 mode=fifo stage=witness event=start t_ns=729399633169151
[risc0-groth16-stage] run_id=cmp-rocm-witness-1 mode=fifo stage=prover event=start t_ns=729399634067538
[90m11:28:41[0m DBG constraint system loaded [36mtook=[0m391.015004
[90m11:28:41[0m DBG proving key loaded [36mtook=[0m664.158843
[90m11:28:42[0m DBG WTNS header [36mnInputs=[0m5635930 [36mnWitnesses=[0m5635930
[risc0-groth16-stage] run_id=cmp-rocm-witness-1 mode=fifo stage=witness event=finish t_ns=729401500122833 rc=0
[90m11:28:42[0m DBG witness data loaded [36mtook=[0m966.178793
[90m11:28:42[0m [32mINF[0m [1m[risc0-groth16-rocm] ACTIVE[0m [36macceleration=[0mrocm [36mbackend=[0mgroth16 [36mcompute_units=[0m32 [36mcurve=[0mbn254 [36mdevice=[0m"AMD Radeon Graphics" [36mnbConstraints=[0m5676573
[90m11:28:42[0m DBG constraint system solver done [36mnbConstraints=[0m5676573 [36mtook=[0m162.331117
[zkp-hip] msm_g1 n=5278569 work_units=16384 window=10 kernel=2
[zkp-hip] msm_g1 n=5209981 work_units=16384 window=10 kernel=2
[zkp-hip] msm_g1 n=5635924 work_units=16384 window=10 kernel=2
[zkp-hip] msm_g1 n=8388608 work_units=16384 window=10 kernel=2
[90m11:28:46[0m DBG prover done [36macceleration=[0mrocm [36mbackend=[0mgroth16 [36mcurve=[0mbn254 [36mnbConstraints=[0m5676573 [36mtook=[0m3500.45204
[zkp-hip] stage_ms msm_g1=1514.253 msm_g2=833.271 ntt=436.869 calls=4/1/6 kernel=binned
[risc0-groth16-stage] run_id=cmp-rocm-witness-1 mode=fifo stage=prover event=finish t_ns=729405598746139 rc=0
[risc0-groth16-stage] run_id=cmp-rocm-witness-1 mode=fifo stage=wait event=finish t_ns=729405599928398 witness_rc=0 prover_rc=0
[risc0-groth16-stage] run_id=cmp-rocm-witness-1 mode=fifo stage=artifact event=record t_ns=729405604063617 kind=proof bytes=720 sha256=a840085c6bad28e7f5cf32a842447fa0242301d85264be10f4e29bb9c815a5b2
[risc0-groth16-stage] run_id=cmp-rocm-witness-1 mode=fifo stage=entrypoint event=finish t_ns=729405604791533 rc=0
[risc0-groth16-stage] run_id=cmp-rocm-witness-1 mode=fifo stage=total event=finish t_ns=729405605725550 rc=0
