[bench] backends=['cpu', 'rocm', 'rocm-fp16', 'rocm-int8', 'rocm-fp8'] batches=[1, 8, 32] seq_lens=[32, 128, 256] reps=20 warmup=5 cpu_threads=32
[bench] perf/watt ON — per-shape ~2.0s power window (labkit gpu_telemetry); power_w is whole-SoC package draw (set AI_BENCH_ENERGY=0 to skip)
[cpu] onnxruntime 1.26.0 CPUExecutionProvider intra_op=32
[telemetry] sampling rocm-smi every 0.20s -> ai-embed-energy-cpu-b1-s32.telemetry.csv
[telemetry] captured 5 samples over ~1.7s -> /tmp/ai-embed-energy-cpu-b1-s32.telemetry.csv
[cpu] b=1   s=32   best=    2.38 ms (median=2.47 stdev=0.73)  | 99.1 W pkg, 3.2 emb/J (5 samples)
[telemetry] sampling rocm-smi every 0.20s -> ai-embed-energy-cpu-b1-s128.telemetry.csv
[telemetry] captured 6 samples over ~1.9s -> /tmp/ai-embed-energy-cpu-b1-s128.telemetry.csv
[cpu] b=1   s=128  best=    4.39 ms (median=4.61 stdev=1.36)  | 118.2 W pkg, 1.3 emb/J (6 samples)
[telemetry] sampling rocm-smi every 0.20s -> ai-embed-energy-cpu-b1-s256.telemetry.csv
[telemetry] captured 6 samples over ~1.8s -> /tmp/ai-embed-energy-cpu-b1-s256.telemetry.csv
[cpu] b=1   s=256  best=    9.97 ms (median=14.06 stdev=3.45)  | 121.4 W pkg, 0.6 emb/J (6 samples)
[telemetry] sampling rocm-smi every 0.20s -> ai-embed-energy-cpu-b8-s32.telemetry.csv
[telemetry] captured 6 samples over ~1.9s -> /tmp/ai-embed-energy-cpu-b8-s32.telemetry.csv
[cpu] b=8   s=32   best=   15.02 ms (median=22.44 stdev=7.29)  | 119.0 W pkg, 3.6 emb/J (6 samples)
[telemetry] sampling rocm-smi every 0.20s -> ai-embed-energy-cpu-b8-s128.telemetry.csv
[telemetry] captured 5 samples over ~2.0s -> /tmp/ai-embed-energy-cpu-b8-s128.telemetry.csv
[cpu] b=8   s=128  best=   18.62 ms (median=27.94 stdev=6.77)  | 120.3 W pkg, 1.8 emb/J (5 samples)
[telemetry] sampling rocm-smi every 0.20s -> ai-embed-energy-cpu-b8-s256.telemetry.csv
[telemetry] captured 6 samples over ~1.8s -> /tmp/ai-embed-energy-cpu-b8-s256.telemetry.csv
[cpu] b=8   s=256  best=   53.97 ms (median=72.10 stdev=11.18)  | 123.0 W pkg, 1.0 emb/J (6 samples)
[telemetry] sampling rocm-smi every 0.20s -> ai-embed-energy-cpu-b32-s32.telemetry.csv
[telemetry] captured 6 samples over ~1.8s -> /tmp/ai-embed-energy-cpu-b32-s32.telemetry.csv
[cpu] b=32  s=32   best=   41.54 ms (median=55.74 stdev=7.59)  | 117.5 W pkg, 5.3 emb/J (6 samples)
[telemetry] sampling rocm-smi every 0.20s -> ai-embed-energy-cpu-b32-s128.telemetry.csv
[telemetry] captured 6 samples over ~1.9s -> /tmp/ai-embed-energy-cpu-b32-s128.telemetry.csv
[cpu] b=32  s=128  best=  105.95 ms (median=123.73 stdev=16.48)  | 121.2 W pkg, 2.2 emb/J (6 samples)
[telemetry] sampling rocm-smi every 0.20s -> ai-embed-energy-cpu-b32-s256.telemetry.csv
[telemetry] captured 6 samples over ~2.0s -> /tmp/ai-embed-energy-cpu-b32-s256.telemetry.csv
[cpu] b=32  s=256  best=  198.59 ms (median=236.52 stdev=14.24)  | 119.4 W pkg, 1.1 emb/J (6 samples)
[rocm] MIGraphX gpu target (fp32) — compiling per shape for gfx1151
[telemetry] sampling rocm-smi every 0.20s -> ai-embed-energy-rocm-b1-s32.telemetry.csv
[telemetry] captured 6 samples over ~1.8s -> /tmp/ai-embed-energy-rocm-b1-s32.telemetry.csv
[rocm] b=1   s=32   best=    0.90 ms (median=0.90 stdev=0.01)  | 88.8 W pkg, 13.2 emb/J (6 samples)
[telemetry] sampling rocm-smi every 0.20s -> ai-embed-energy-rocm-b1-s128.telemetry.csv
[telemetry] captured 6 samples over ~1.8s -> /tmp/ai-embed-energy-rocm-b1-s128.telemetry.csv
[rocm] b=1   s=128  best=    0.99 ms (median=1.00 stdev=0.00)  | 110.6 W pkg, 9.8 emb/J (6 samples)
[telemetry] sampling rocm-smi every 0.20s -> ai-embed-energy-rocm-b1-s256.telemetry.csv
[telemetry] captured 6 samples over ~1.9s -> /tmp/ai-embed-energy-rocm-b1-s256.telemetry.csv
[rocm] b=1   s=256  best=    1.54 ms (median=1.56 stdev=0.01)  | 117.9 W pkg, 5.6 emb/J (6 samples)
[telemetry] sampling rocm-smi every 0.20s -> ai-embed-energy-rocm-b8-s32.telemetry.csv
[telemetry] captured 1 samples over ~0.0s -> /tmp/ai-embed-energy-rocm-b8-s32.telemetry.csv
[rocm] b=8   s=32   best=    1.41 ms (median=1.44 stdev=0.02)
[telemetry] sampling rocm-smi every 0.20s -> ai-embed-energy-rocm-b8-s128.telemetry.csv
[telemetry] captured 1 samples over ~0.0s -> /tmp/ai-embed-energy-rocm-b8-s128.telemetry.csv
[rocm] b=8   s=128  best=    3.61 ms (median=3.63 stdev=0.02)
[telemetry] sampling rocm-smi every 0.20s -> ai-embed-energy-rocm-b8-s256.telemetry.csv
[telemetry] captured 5 samples over ~1.7s -> /tmp/ai-embed-energy-rocm-b8-s256.telemetry.csv
[rocm] b=8   s=256  best=   10.71 ms (median=10.81 stdev=0.05)  | 132.0 W pkg, 6.6 emb/J (5 samples)
[telemetry] sampling rocm-smi every 0.20s -> ai-embed-energy-rocm-b32-s32.telemetry.csv
[telemetry] captured 1 samples over ~0.0s -> /tmp/ai-embed-energy-rocm-b32-s32.telemetry.csv
[rocm] b=32  s=32   best=    3.42 ms (median=3.48 stdev=0.05)
[telemetry] sampling rocm-smi every 0.20s -> ai-embed-energy-rocm-b32-s128.telemetry.csv
[telemetry] captured 5 samples over ~1.9s -> /tmp/ai-embed-energy-rocm-b32-s128.telemetry.csv
[rocm] b=32  s=128  best=   15.34 ms (median=15.48 stdev=0.17)  | 138.2 W pkg, 15.7 emb/J (5 samples)
[telemetry] sampling rocm-smi every 0.20s -> ai-embed-energy-rocm-b32-s256.telemetry.csv
[telemetry] captured 3 samples over ~1.4s -> /tmp/ai-embed-energy-rocm-b32-s256.telemetry.csv
[rocm] b=32  s=256  best=   46.32 ms (median=48.96 stdev=3.34)  | 140.1 W pkg, 6.7 emb/J (3 samples)
[rocm-fp16] MIGraphX gpu target (fp16 quant) — compiling per shape for gfx1151
[telemetry] sampling rocm-smi every 0.20s -> ai-embed-energy-rocm-fp16-b1-s32.telemetry.csv
[telemetry] captured 7 samples over ~2.0s -> /tmp/ai-embed-energy-rocm-fp16-b1-s32.telemetry.csv
[rocm-fp16] b=1   s=32   best=    0.36 ms (median=0.37 stdev=0.05)  | 88.3 W pkg, 31.3 emb/J (7 samples)
[telemetry] sampling rocm-smi every 0.20s -> ai-embed-energy-rocm-fp16-b1-s128.telemetry.csv
[telemetry] captured 7 samples over ~2.0s -> /tmp/ai-embed-energy-rocm-fp16-b1-s128.telemetry.csv
[rocm-fp16] b=1   s=128  best=    0.48 ms (median=0.48 stdev=0.01)  | 94.2 W pkg, 22.8 emb/J (7 samples)
[telemetry] sampling rocm-smi every 0.20s -> ai-embed-energy-rocm-fp16-b1-s256.telemetry.csv
[telemetry] captured 7 samples over ~1.9s -> /tmp/ai-embed-energy-rocm-fp16-b1-s256.telemetry.csv
[rocm-fp16] b=1   s=256  best=    0.62 ms (median=0.62 stdev=0.02)  | 114.0 W pkg, 14.7 emb/J (7 samples)
[telemetry] sampling rocm-smi every 0.20s -> ai-embed-energy-rocm-fp16-b8-s32.telemetry.csv
[telemetry] captured 1 samples over ~0.0s -> /tmp/ai-embed-energy-rocm-fp16-b8-s32.telemetry.csv
[rocm-fp16] b=8   s=32   best=    0.55 ms (median=0.56 stdev=0.02)
[telemetry] sampling rocm-smi every 0.20s -> ai-embed-energy-rocm-fp16-b8-s128.telemetry.csv
[telemetry] captured 1 samples over ~0.0s -> /tmp/ai-embed-energy-rocm-fp16-b8-s128.telemetry.csv
[rocm-fp16] b=8   s=128  best=    1.20 ms (median=1.22 stdev=0.02)
[telemetry] sampling rocm-smi every 0.20s -> ai-embed-energy-rocm-fp16-b8-s256.telemetry.csv
[telemetry] captured 1 samples over ~0.0s -> /tmp/ai-embed-energy-rocm-fp16-b8-s256.telemetry.csv
[rocm-fp16] b=8   s=256  best=    2.55 ms (median=2.59 stdev=0.04)
[telemetry] sampling rocm-smi every 0.20s -> ai-embed-energy-rocm-fp16-b32-s32.telemetry.csv
[telemetry] captured 1 samples over ~0.0s -> /tmp/ai-embed-energy-rocm-fp16-b32-s32.telemetry.csv
[rocm-fp16] b=32  s=32   best=    1.11 ms (median=1.13 stdev=0.01)
[telemetry] sampling rocm-smi every 0.20s -> ai-embed-energy-rocm-fp16-b32-s128.telemetry.csv
[telemetry] captured 1 samples over ~0.0s -> /tmp/ai-embed-energy-rocm-fp16-b32-s128.telemetry.csv
[rocm-fp16] b=32  s=128  best=    4.00 ms (median=4.08 stdev=0.05)
[telemetry] sampling rocm-smi every 0.20s -> ai-embed-energy-rocm-fp16-b32-s256.telemetry.csv
[telemetry] captured 5 samples over ~1.7s -> /tmp/ai-embed-energy-rocm-fp16-b32-s256.telemetry.csv
[rocm-fp16] b=32  s=256  best=   13.78 ms (median=13.84 stdev=0.05)  | 135.9 W pkg, 19.9 emb/J (5 samples)
[rocm-int8] MIGraphX gpu target (int8 quant) — compiling per shape for gfx1151
[telemetry] sampling rocm-smi every 0.20s -> ai-embed-energy-rocm-int8-b1-s32.telemetry.csv
[telemetry] captured 7 samples over ~1.9s -> /tmp/ai-embed-energy-rocm-int8-b1-s32.telemetry.csv
[rocm-int8] b=1   s=32   best=    0.35 ms (median=0.36 stdev=0.00)  | 67.7 W pkg, 43.5 emb/J (7 samples)
[telemetry] sampling rocm-smi every 0.20s -> ai-embed-energy-rocm-int8-b1-s128.telemetry.csv
[telemetry] captured 7 samples over ~1.9s -> /tmp/ai-embed-energy-rocm-int8-b1-s128.telemetry.csv
[rocm-int8] b=1   s=128  best=    0.43 ms (median=0.44 stdev=0.04)  | 90.3 W pkg, 25.8 emb/J (7 samples)
[telemetry] sampling rocm-smi every 0.20s -> ai-embed-energy-rocm-int8-b1-s256.telemetry.csv
[telemetry] captured 7 samples over ~1.9s -> /tmp/ai-embed-energy-rocm-int8-b1-s256.telemetry.csv
[rocm-int8] b=1   s=256  best=    0.62 ms (median=0.63 stdev=0.01)  | 106.5 W pkg, 15.5 emb/J (7 samples)
[telemetry] sampling rocm-smi every 0.20s -> ai-embed-energy-rocm-int8-b8-s32.telemetry.csv
[telemetry] captured 1 samples over ~0.0s -> /tmp/ai-embed-energy-rocm-int8-b8-s32.telemetry.csv
[rocm-int8] b=8   s=32   best=    1.06 ms (median=1.08 stdev=0.03)
[telemetry] sampling rocm-smi every 0.20s -> ai-embed-energy-rocm-int8-b8-s128.telemetry.csv
[telemetry] captured 1 samples over ~0.0s -> /tmp/ai-embed-energy-rocm-int8-b8-s128.telemetry.csv
[rocm-int8] b=8   s=128  best=    1.67 ms (median=1.69 stdev=0.01)
[telemetry] sampling rocm-smi every 0.20s -> ai-embed-energy-rocm-int8-b8-s256.telemetry.csv
[telemetry] captured 1 samples over ~0.0s -> /tmp/ai-embed-energy-rocm-int8-b8-s256.telemetry.csv
[rocm-int8] b=8   s=256  best=    3.95 ms (median=4.00 stdev=0.02)
[telemetry] sampling rocm-smi every 0.20s -> ai-embed-energy-rocm-int8-b32-s32.telemetry.csv
[telemetry] captured 6 samples over ~1.8s -> /tmp/ai-embed-energy-rocm-int8-b32-s32.telemetry.csv
[rocm-int8] b=32  s=32   best=    7.67 ms (median=7.76 stdev=0.05)  | 112.9 W pkg, 41.2 emb/J (6 samples)
[telemetry] sampling rocm-smi every 0.20s -> ai-embed-energy-rocm-int8-b32-s128.telemetry.csv
[telemetry] captured 5 samples over ~1.6s -> /tmp/ai-embed-energy-rocm-int8-b32-s128.telemetry.csv
[rocm-int8] b=32  s=128  best=   11.35 ms (median=11.49 stdev=0.06)  | 120.6 W pkg, 28.0 emb/J (5 samples)
[telemetry] sampling rocm-smi every 0.20s -> ai-embed-energy-rocm-int8-b32-s256.telemetry.csv
[telemetry] captured 4 samples over ~2.0s -> /tmp/ai-embed-energy-rocm-int8-b32-s256.telemetry.csv
[rocm-int8] b=32  s=256  best=   25.02 ms (median=25.17 stdev=0.20)  | 128.0 W pkg, 9.9 emb/J (4 samples)
[rocm-fp8] MIGraphX gpu target (fp8 quant) — compiling per shape for gfx1151
[telemetry] sampling rocm-smi every 0.20s -> ai-embed-energy-rocm-fp8-b1-s32.telemetry.csv
[telemetry] captured 7 samples over ~1.9s -> /tmp/ai-embed-energy-rocm-fp8-b1-s32.telemetry.csv
[rocm-fp8] b=1   s=32   best=    0.96 ms (median=0.97 stdev=0.01)  | 75.2 W pkg, 14.3 emb/J (7 samples)
[telemetry] sampling rocm-smi every 0.20s -> ai-embed-energy-rocm-fp8-b1-s128.telemetry.csv
[telemetry] captured 7 samples over ~1.9s -> /tmp/ai-embed-energy-rocm-fp8-b1-s128.telemetry.csv
[rocm-fp8] b=1   s=128  best=    1.14 ms (median=1.16 stdev=0.03)  | 91.1 W pkg, 9.9 emb/J (7 samples)
[telemetry] sampling rocm-smi every 0.20s -> ai-embed-energy-rocm-fp8-b1-s256.telemetry.csv
[telemetry] captured 6 samples over ~1.8s -> /tmp/ai-embed-energy-rocm-fp8-b1-s256.telemetry.csv
[rocm-fp8] b=1   s=256  best=    1.58 ms (median=1.62 stdev=0.01)  | 102.6 W pkg, 6.7 emb/J (6 samples)
[telemetry] sampling rocm-smi every 0.20s -> ai-embed-energy-rocm-fp8-b8-s32.telemetry.csv
[telemetry] captured 1 samples over ~0.0s -> /tmp/ai-embed-energy-rocm-fp8-b8-s32.telemetry.csv
[rocm-fp8] b=8   s=32   best=    2.33 ms (median=2.35 stdev=0.01)
[telemetry] sampling rocm-smi every 0.20s -> ai-embed-energy-rocm-fp8-b8-s128.telemetry.csv
[telemetry] captured 1 samples over ~0.0s -> /tmp/ai-embed-energy-rocm-fp8-b8-s128.telemetry.csv
[rocm-fp8] b=8   s=128  best=    4.29 ms (median=4.34 stdev=0.02)
[telemetry] sampling rocm-smi every 0.20s -> ai-embed-energy-rocm-fp8-b8-s256.telemetry.csv
[telemetry] captured 5 samples over ~1.7s -> /tmp/ai-embed-energy-rocm-fp8-b8-s256.telemetry.csv
[rocm-fp8] b=8   s=256  best=   11.92 ms (median=12.05 stdev=0.06)  | 123.5 W pkg, 6.2 emb/J (5 samples)
[telemetry] sampling rocm-smi every 0.20s -> ai-embed-energy-rocm-fp8-b32-s32.telemetry.csv
[telemetry] captured 3 samples over ~1.5s -> /tmp/ai-embed-energy-rocm-fp8-b32-s32.telemetry.csv
[rocm-fp8] b=32  s=32   best=   27.39 ms (median=27.61 stdev=0.18)  | 107.1 W pkg, 14.0 emb/J (3 samples)
[telemetry] sampling rocm-smi every 0.20s -> ai-embed-energy-rocm-fp8-b32-s128.telemetry.csv
[telemetry] captured 2 samples over ~1.3s -> /tmp/ai-embed-energy-rocm-fp8-b32-s128.telemetry.csv
[rocm-fp8] b=32  s=128  best=   47.57 ms (median=47.94 stdev=0.22)  | 113.5 W pkg, 9.4 emb/J (2 samples)
[telemetry] sampling rocm-smi every 0.20s -> ai-embed-energy-rocm-fp8-b32-s256.telemetry.csv
[telemetry] captured 2 samples over ~1.6s -> /tmp/ai-embed-energy-rocm-fp8-b32-s256.telemetry.csv
[rocm-fp8] b=32  s=256  best=  108.00 ms (median=109.32 stdev=0.54)  | 109.0 W pkg, 3.4 emb/J (2 samples)
